../Core/Inc/piezodriver.c:298:6:ZeroCorrectionAttempts	4	static
../Core/Inc/piezodriver.c:303:6:InitializingServo	4	static
../Core/Inc/piezodriver.c:307:6:DoneInitializingServo	4	static
../Core/Inc/piezodriver.c:324:6:TIM2_IRQHandler	256	static
../Core/Inc/piezodriver.c:1104:6:DriverCleanup	4	static
../Core/Inc/piezodriver.c:1123:19:getDriverState	4	static
../Core/Inc/piezodriver.c:1128:9:WaitForTimeActive	4	static
../Core/Inc/piezodriver.c:1133:6:SetWTM_Ticks	16	static
../Core/Inc/piezodriver.c:1146:6:ClearVRTLog	4	static
../Core/Inc/piezodriver.c:1155:9:GetAbsEncoderReading	4	static
../Core/Inc/piezodriver.c:1159:6:GetAbsEncStatus	24	static
../Core/Inc/piezodriver.c:1165:6:ZeroAbsEncCounters	4	static
../Core/Inc/piezodriver.c:1171:6:ReInitEncFilter	4	static
../Core/Inc/piezodriver.c:1175:6:SetClStepsPerServo	16	static
../Core/Inc/piezodriver.c:1179:6:SetupItermVars	16	static
../Core/Inc/piezodriver.c:1185:6:ResetdTermSampleCounter	4	static
../Core/Inc/piezodriver.c:1189:6:ResetiTermSampleCounter	4	static
../Core/Inc/piezodriver.c:1193:6:GetPidTerms	24	static
../Core/Inc/piezodriver.c:1199:6:SetupPID	24	static
