../Core/Src/motionscript.c:21:6:ServiceProgram	16	static
../Core/Src/motionscript.c:52:6:CheckStartupProg	8	static
../Core/Src/motionscript.c:67:6:SetupProgramExec	16	static
../Core/Src/motionscript.c:87:6:EndProgram	4	static
../Core/Src/motionscript.c:92:9:Recording	4	static
../Core/Src/motionscript.c:98:9:ProgramRunning	4	static
../Core/Src/motionscript.c:104:6:RecordProgramLine	32	static
../Core/Src/motionscript.c:183:6:ReadNextProgramLine	24	static
../Core/Src/motionscript.c:268:6:ProgramReadDone	4	static
