../Core/Src/traj.c:125:9:NoMotion	4	static
../Core/Src/traj.c:137:6:StartMove	8	static
../Core/Src/traj.c:147:6:EmergencyStop	4	static
../Core/Src/traj.c:154:9:MotionInProgress	4	static
../Core/Src/traj.c:159:6:StopMotion2	16	static
../Core/Src/traj.c:175:6:StopMotion	4	static
../Core/Src/traj.c:185:9:getTargetPos	4	static
../Core/Src/traj.c:190:19:getTrajState	4	static
../Core/Src/traj.c:197:9:TrapAccel	64	static
../Core/Src/traj.c:223:9:TrapDecel	88	static
../Core/Src/traj.c:261:9:TriAccel	152	static
../Core/Src/traj.c:373:9:ConstantVelocity	88	static
../Core/Src/traj.c:420:9:Decelerate	96	static
../Core/Src/traj.c:494:6:ExitTrajectory	4	static
../Core/Src/traj.c:506:9:Stop	72	static
../Core/Src/traj.c:548:6:InitializeTrajRP_Dif	16	static
../Core/Src/traj.c:567:9:SetupJog	56	static
../Core/Src/traj.c:610:9:SetupMove	24	static
../Core/Src/traj.c:627:6:CalcSumTest	32	static
../Core/Src/traj.c:638:6:Setup_FFM_Vel	40	static
../Core/Src/traj.c:650:9:TrajectoryController	104	static
../Core/Src/traj.c:770:6:StartUpDefaults	4	static
../Core/Src/traj.c:780:8:getTrajDir	4	static
../Core/Src/traj.c:785:9:MotionProfileSetup	152	static
../Core/Src/traj.c:912:6:LoadNewValues	8	static
../Core/Src/traj.c:934:6:ReleaseModLock	4	static
../Core/Src/traj.c:939:6:SetModLock	4	static
../Core/Src/traj.c:944:18:getMotionMode	4	static
../Core/Src/traj.c:951:9:VelocityCOF_Setup	144	static
../Core/Src/traj.c:1047:9:PositionCOF_Setup	96	static
../Core/Src/traj.c:1131:6:WriteDefaults	4	static
../Core/Src/traj.c:1229:6:NoEncoderFound	8	static
../Core/Src/traj.c:1244:9:HomeInProgress	4	static
../Core/Src/traj.c:1249:9:isHomed	4	static
../Core/Src/traj.c:1254:6:SetupHome	16	static
../Core/Src/traj.c:1275:6:SetupMoveToLimit	16	static
../Core/Src/traj.c:1290:6:CancelHome	4	static
../Core/Src/traj.c:1307:6:setTrajState	16	static
../Core/Src/traj.c:1322:6:UpdateLimitState	8	static
../Core/Src/traj.c:1385:6:TIM5_IRQHandler	96	static
