../USB_DEVICE/App/usbd_cdc_if.c:155:15:CDC_Init_FS	8	static
../USB_DEVICE/App/usbd_cdc_if.c:179:15:CDC_DeInit_FS	4	static
../USB_DEVICE/App/usbd_cdc_if.c:193:15:CDC_Control_FS	16	static
../USB_DEVICE/App/usbd_cdc_if.c:274:15:CDC_Receive_FS	16	static
../USB_DEVICE/App/usbd_cdc_if.c:305:9:CDC_Transmit_FS	24	static
../USB_DEVICE/App/usbd_cdc_if.c:331:15:CDC_TransmitCplt_FS	32	static
../USB_DEVICE/App/usbd_cdc_if.c:343:6:vcp_init	4	static
../USB_DEVICE/App/usbd_cdc_if.c:348:5:vcp_send	24	static
../USB_DEVICE/App/usbd_cdc_if.c:382:5:vcp_recv	24	static
../USB_DEVICE/App/usbd_cdc_if.c:408:6:vcp_service	16	static
